00:00 +0: loading /Users/diwz/Documents/Proyectos/Flutter/Personales/catlog/test/app/presentation/modulos/home/home_view_test.dart                                                                     00:01 +0: loading /Users/diwz/Documents/Proyectos/Flutter/Personales/catlog/test/app/presentation/modulos/home/home_view_test.dart                                                                     00:02 +0: loading /Users/diwz/Documents/Proyectos/Flutter/Personales/catlog/test/app/presentation/modulos/home/home_view_test.dart                                                                     00:02 +0: Navigation Home > details                                                                                                                                                                    00:03 +0: Navigation Home > details                                                                                                                                                                    00:03 +0: Navigation Home > details                                                                                                                                                                    
══╡ EXCEPTION CAUGHT BY FLUTTER TEST FRAMEWORK ╞════════════════════════════════════════════════════
The following TestFailure was thrown running a test:
Expected: exactly one matching candidate
  Actual: _TextWidgetFinder:<Found 0 widgets with text "home": []>
   Which: means none were found but one was expected

When the exception was thrown, this was the stack:
#4      main.<anonymous closure>.<anonymous closure> (file:///Users/diwz/Documents/Proyectos/Flutter/Personales/catlog/test/app/presentation/modulos/home/home_view_test.dart:50:7)
<asynchronous suspension>
#5      testWidgets.<anonymous closure>.<anonymous closure> (package:flutter_test/src/widget_tester.dart:192:15)
<asynchronous suspension>
#6      TestWidgetsFlutterBinding._runTestBody (package:flutter_test/src/binding.dart:1059:5)
<asynchronous suspension>
<asynchronous suspension>
(elided one frame from package:stack_trace)

This was caught by the test expectation on the following line:
  file:///Users/diwz/Documents/Proyectos/Flutter/Personales/catlog/test/app/presentation/modulos/home/home_view_test.dart line 50
The test description was:
  Home > details
════════════════════════════════════════════════════════════════════════════════════════════════════
00:03 +0 -1: Navigation Home > details  [E]                                                                                                                                                            
  Test failed. See exception logs above.
  The test description was: Home > details 
  

To run this test again: /Users/diwz/fvm/versions/stable/bin/cache/dart-sdk/bin/dart test /Users/diwz/Documents/Proyectos/Flutter/Personales/catlog/test/app/presentation/modulos/home/home_view_test.dart -p vm --plain-name 'Navigation Home > details '
00:03 +0 -1: Some tests failed.                                                                                                                                                                        
